#compdef goobers

(( $+functions[compdef] )) || {
    autoload -Uz compinit
    compinit
}

_goobers_completion()
{
    local command
    local -a commands flags candidates

    if (( CURRENT == 2 )); then
        commands=(
            'init:scaffold an instance root'
            'scaffold:scaffold a goober or workflow in a gaggle'
            'validate:validate instance configuration'
            'up:run the scheduler and runner daemon'
            'dashboard:serve and open the local operations portal'
            'run:trigger or abort a run'
            'signal:fire an external signal'
            'workflow:inspect workflows'
            'runs:list runs'
            'status:show run status'
            'stats:show the instance lifetime summary'
            'trace:show a run journal'
            'escalations:inspect escalated runs'
            'telemetry:query telemetry'
            'telemetry-query:emit candidate findings'
            'journal:manage run journals'
            'claims:inspect or force-release claims'
            'backlog-query:query or claim backlog work'
            'push-branch:push the current run branch'
            'open-pr:open or update the current run pull request'
            'issue-close-out:close the claimed issue'
            'reset-rate-limit:reset the run rate limit'
            'merge-pr:merge an eligible pull request'
            'merge-queue-poll:watch an enqueued pull request until the merge queue resolves it'
            'pr-select:select a pull request'
            'gather-sibling-context:gather sibling pull request context'
            'apply-verdict:apply a review verdict'
            'post-merge:perform post-merge updates'
            'gather-pr-context:gather pull request context'
            'rebase-pr:rebase a pull request'
            'remediation-checkpoint:record a remediation checkpoint'
            'completion:generate shell completion'
            'version:print the version'
            'help:show help'
            '--version:print the version'
            '-h:show help'
            '--help:show help'
        )
        _describe 'command' commands
        return
    fi

    command="${words[2]}"
    flags=(-h --help)
    case "${command}" in
        validate) flags+=(--check-harness --source-tree) ;;
        up) flags+=(--quiet) ;;
        dashboard) flags+=(--port --no-open --dev-assets) ;;
        run) flags+=(--no-wait) ;;
        workflow)
            [[ "${words[3]:-}" == "show" ]] && flags+=(--dot)
            ;;
        runs)
            case "${words[3]:-}" in
                list) flags+=(--json --limit) ;;
                du) flags+=(--json) ;;
            esac
            ;;
        status) flags+=(--daemon --json --phase --workflow --limit --watch --interval) ;;
        stats) flags+=(--since --json) ;;
        trace) flags+=(--json --transcripts --transcript) ;;
        escalations) flags+=(--json) ;;
        telemetry)
            case "${words[3]:-}" in
                stats) flags+=(--workflow --gaggle --rebuild) ;;
                errors) flags+=(--workflow --gaggle --class --limit --rebuild) ;;
            esac
            ;;
        journal)
            [[ "${words[3]:-}" == "redact" ]] && flags+=(--run --path --reason --secret-file)
            ;;
        claims)
            [[ "${words[3]:-}" == "list" ]] && flags+=(--json --stale)
            ;;
        backlog-query) flags+=(--claim --release) ;;
        apply-verdict) flags+=(--gate) ;;
        telemetry-query) flags+=(--window --aggregate --threshold --format) ;;
        remediation-checkpoint) flags+=(--budget) ;;
        scaffold)
            [[ "${words[3]:-}" == "goober" || "${words[3]:-}" == "workflow" ]] && flags+=(--force)
            ;;
    esac
    if [[ "${PREFIX}" == -* ]]; then
        compadd -a flags
        return
    fi

    case "${command}" in
        completion)
            if (( CURRENT == 3 )); then
                candidates=(bash zsh fish)
                _describe 'shell' candidates
                return
            fi
            ;;
        scaffold)
            if (( CURRENT == 3 )); then
                candidates=(goober workflow)
                _describe 'command' candidates
                return
            fi
            ;;
        run)
            if (( CURRENT == 3 )); then
                candidates=(abort)
                candidates+=("${(@f)$(command goobers __complete workflows 2>/dev/null)}")
                _describe -V 'workflow' candidates
                return
            elif [[ "${words[3]:-}" == "abort" ]] && (( CURRENT == 4 )); then
                candidates=("${(@f)$(command goobers __complete runs 2>/dev/null)}")
                _describe -V 'run id' candidates
                return
            fi
            ;;
        trace)
            if (( CURRENT == 3 )); then
                candidates=("${(@f)$(command goobers __complete runs 2>/dev/null)}")
                _describe -V 'run id' candidates
                return
            fi
            ;;
        escalations)
            if (( CURRENT == 3 )); then
                candidates=(show)
                _describe 'command' candidates
                return
            elif [[ "${words[3]:-}" == "show" ]] && (( CURRENT == 4 )); then
                candidates=("${(@f)$(command goobers __complete escalations 2>/dev/null)}")
                _describe -V 'escalated run id' candidates
                return
            fi
            ;;
        workflow)
            if (( CURRENT == 3 )); then
                candidates=(show)
                _describe 'command' candidates
                return
            elif [[ "${words[3]:-}" == "show" ]] && (( CURRENT == 4 )); then
                candidates=("${(@f)$(command goobers __complete workflows 2>/dev/null)}")
                _describe 'workflow' candidates
                return
            fi
            ;;
        runs)
            if (( CURRENT == 3 )); then
                candidates=(list du)
                _describe 'command' candidates
                return
            fi
            ;;
        telemetry)
            if (( CURRENT == 3 )); then
                candidates=(stats errors)
                _describe 'command' candidates
                return
            fi
            ;;
        journal)
            if (( CURRENT == 3 )); then
                candidates=(redact)
                _describe 'command' candidates
                return
            fi
            ;;
        claims)
            if (( CURRENT == 3 )); then
                candidates=(list release)
                _describe 'command' candidates
                return
            fi
            ;;
    esac

    _directories
}

compdef _goobers_completion goobers
