Config source type [new-local]: 
New config source path [<workspace>/smoke/quickstart-instance-config]: 
Main GitHub repository (owner/name or URL): 
Default branch [main]: 
Select workflows (comma-separated names or numbers) [all]: 
Local CI command (space-separated argv or JSON array) [make ci]: 
Required toolchain capability [make]: 
Select harness (name or number) [copilot]: 
Repository read PAT environment variable [GOOBERS_GITHUB_REPO_TOKEN]: 
Work-tracking PAT environment variable [GOOBERS_GITHUB_ISSUES_TOKEN]: 
Pull-request PAT environment variable [GOOBERS_GITHUB_PR_TOKEN]: 
Repository push PAT environment variable [GOOBERS_GITHUB_PUSH_TOKEN]: 
Optional Copilot Requests PAT environment variable: 
Create an empty GitHub repository for this config source? (yes/no) [no]: 
Create this onboarding mapping? (yes/no) [no]: 
Agent harness [skip]: 
