--- a/gaggles/example/workflows/default-implement.yaml
+++ b/gaggles/example/workflows/default-implement.yaml
@@ -1,6 +1,6 @@
 apiVersion: goobers.dev/v1alpha1
 kind: Workflow
-dslVersion: "1.4"
+dslVersion: "2.0"
 metadata:
   name: default-implement
 spec:
@@ -31,6 +31,7 @@
       evaluator: automated
       automated:
         check: ci-status
+        pollIntervalSeconds: 10
       branches:
         pass: ""
         fail: "@abort"
