{
  "schemaVersion": "goobers.dev/mission-control-verdict/v1alpha1",
  "generatedAt": "2026-08-07T07:00:00Z",
  "evidence": [
    {
      "id": "query.latency",
      "uri": "artifacts/latency.json",
      "digest": "sha256:latency"
    },
    {
      "id": "query.saturation",
      "uri": "artifacts/saturation.json",
      "digest": "sha256:saturation"
    }
  ],
  "metrics": [
    {
      "id": "latency",
      "displayName": "Latency",
      "subsystemId": "api",
      "requirement": "required",
      "evidenceId": "query.latency",
      "value": {
        "type": "number",
        "number": 50,
        "unit": "ms"
      },
      "criterion": {
        "comparator": "lt",
        "unit": "ms",
        "threshold": 100
      },
      "displayPrecision": 1,
      "observationWindow": {
        "start": "2026-08-07T06:55:00Z",
        "end": "2026-08-07T07:00:00Z"
      },
      "dataAsOf": "2026-08-07T06:59:00Z",
      "requiredFreshness": "5m0s",
      "age": "1m0s",
      "verdict": "go",
      "reasonCode": "satisfied"
    },
    {
      "id": "saturation",
      "displayName": "Saturation",
      "subsystemId": "api",
      "requirement": "advisory",
      "evidenceId": "query.saturation",
      "criterion": {
        "comparator": "lt",
        "unit": "percent",
        "threshold": 80
      },
      "displayPrecision": 1,
      "observationWindow": {
        "start": "2026-08-07T06:55:00Z",
        "end": "2026-08-07T07:00:00Z"
      },
      "requiredFreshness": "5m0s",
      "verdict": "unknown",
      "reasonCode": "query-error"
    }
  ],
  "subsystems": [
    {
      "id": "api",
      "displayName": "API",
      "requirement": "required",
      "policy": {
        "unknown": "block"
      },
      "requiredMetricIds": [
        "latency"
      ],
      "advisoryMetricIds": [
        "saturation"
      ],
      "verdict": "go",
      "reasonCode": "all-required-go"
    }
  ],
  "overall": {
    "policy": {
      "unknown": "block"
    },
    "requiredSubsystemIds": [
      "api"
    ],
    "advisorySubsystemIds": [],
    "verdict": "go",
    "reasonCode": "all-required-go"
  }
}
--- FACTS ---
MISSION CONTROL: GO (all-required-go)
SUBSYSTEM API [required]: GO (all-required-go)
  METRIC Latency [required]: value=50.0 ms; criterion=lt 100.0 ms; freshness=age 1m0s, required 5m0s, data-as-of 2026-08-07T06:59:00Z; window=2026-08-07T06:55:00Z to 2026-08-07T07:00:00Z; GO (satisfied)
  METRIC Saturation [advisory]: value=unavailable; criterion=lt 80.0 percent; freshness=age unavailable, required 5m0s, data-as-of unavailable; window=2026-08-07T06:55:00Z to 2026-08-07T07:00:00Z; UNKNOWN (query-error)
