---
name: "reviewer2"
description: Skill package for the reviewer2 goober in the example gaggle. Replace this with what the skill actually equips the goober to do.
---

# reviewer2

Describe the procedures, commands, and conventions this goober needs for its
work. Add reference files under this directory as needed — every regular file
here becomes part of the goober's skill package.

## Scope

Keep this skill focused on one capability. Split an unrelated procedure into
its own skill instead of growing this one.
